*** Testing open_basedir configuration [linkinfo] ***
bool(true)
bool(true)
bool(true)
bool(true)
bool(true)
int(2065)
int(2065)
int(2065)
int(2065)
int(2065)

Warning: symlink(): File exists in /home/smamran09/php-src/tests/security/open_basedir_linkinfo.php on line 24
bool(false)
int(2065)
bool(true)
*** Finished testing open_basedir configuration [linkinfo] ***